#
# There is insufficient memory for the Java Runtime Environment to continue.
# Native memory allocation (malloc) failed to allocate 1126896 bytes. Error detail: Chunk::new
# Possible reasons:
#   The system is out of physical RAM or swap space
#   This process is running with CompressedOops enabled, and the Java Heap may be blocking the growth of the native heap
# Possible solutions:
#   Reduce memory load on the system
#   Increase physical memory or swap space
#   Check if swap backing store is full
#   Decrease Java heap size (-Xmx/-Xms)
#   Decrease number of Java threads
#   Decrease Java thread stack sizes (-Xss)
#   Set larger code cache with -XX:ReservedCodeCacheSize=
#   JVM is running with Unscaled Compressed Oops mode in which the Java heap is
#     placed in the first 4GB address space. The Java Heap base address is the
#     maximum limit for the native heap growth. Please use -XX:HeapBaseMinAddress
#     to set the Java Heap base and to place the Java Heap above 4GB virtual address.
# This output file may be truncated or incomplete.
#
#  Out of Memory Error (arena.cpp:168), pid=6576, tid=14500
#
# JRE version: OpenJDK Runtime Environment JBR-21.0.7+6-1038.58-jcef (21.0.7+6) (build 21.0.7+6-b1038.58)
# Java VM: OpenJDK 64-Bit Server VM JBR-21.0.7+6-1038.58-jcef (21.0.7+6-b1038.58, mixed mode, sharing, tiered, compressed oops, compressed class ptrs, g1 gc, windows-amd64)
# No core dump will be written. Minidumps are not enabled by default on client versions of Windows
#

---------------  S U M M A R Y ------------

Command Line: -Djava.rmi.server.hostname=127.0.0.1 -Duser.timezone=UTC -Xmx2048m -Xms128m -Djdbc.classpath=C:\Users\latikaecls\AppData\Local\Temp\RemoteDriver5.classpath.txt --add-exports=java.desktop/sun.awt=ALL-UNNAMED --add-exports=java.desktop/java.awt.peer=ALL-UNNAMED --add-opens=java.desktop/java.awt=ALL-UNNAMED --add-opens=jdk.unsupported/sun.misc=ALL-UNNAMED --add-opens=java.base/java.nio=ALL-UNNAMED --add-opens=java.base/java.util=ALL-UNNAMED -Dfile.encoding=UTF-8 -Dsun.stdout.encoding=UTF-8 -Dsun.stderr.encoding=UTF-8 com.intellij.database.remote.RemoteJdbcServer com.mysql.cj.jdbc.Driver

Host: 11th Gen Intel(R) Core(TM) i5-1135G7 @ 2.40GHz, 8 cores, 7G,  Windows 11 , 64 bit Build 26100 (10.0.26100.6725)
Time: Fri Nov  7 13:02:37 2025 Sri Lanka Standard Time elapsed time: 10.971060 seconds (0d 0h 0m 10s)

---------------  T H R E A D  ---------------

Current thread (0x0000023af85b83b0):  JavaThread "C2 CompilerThread1" daemon [_thread_in_native, id=14500, stack(0x0000006b29400000,0x0000006b29500000) (1024K)]


Current CompileTask:
C2:10971 1832       4       sun.security.ec.ECOperations::setDouble (463 bytes)

Stack: [0x0000006b29400000,0x0000006b29500000]
Native frames: (J=compiled Java code, j=interpreted, Vv=VM code, C=native code)
V  [jvm.dll+0x6e7c19]
V  [jvm.dll+0x8c5f53]
V  [jvm.dll+0x8c84ae]
V  [jvm.dll+0x8c8b93]
V  [jvm.dll+0x2899e6]
V  [jvm.dll+0xc679d]
V  [jvm.dll+0xc6cd3]
V  [jvm.dll+0x3c5231]
V  [jvm.dll+0x390e17]
V  [jvm.dll+0x39028a]
V  [jvm.dll+0x2509b2]
V  [jvm.dll+0x24ff81]
V  [jvm.dll+0x1cd774]
V  [jvm.dll+0x25f80c]
V  [jvm.dll+0x25dd56]
V  [jvm.dll+0x4005d6]
V  [jvm.dll+0x86dab8]
V  [jvm.dll+0x6e639d]
C  [ucrtbase.dll+0x37b0]
C  [KERNEL32.DLL+0x2e8d7]
C  [ntdll.dll+0x8c53c]


---------------  P R O C E S S  ---------------

Threads class SMR info:
_java_thread_list=0x0000023af838ff10, length=23, elements={
0x0000023adae7f1e0, 0x0000023af3231990, 0x0000023af3239df0, 0x0000023af323b860,
0x0000023af323c6d0, 0x0000023af323d130, 0x0000023af323db90, 0x0000023af3240600,
0x0000023af32434d0, 0x0000023af35b01c0, 0x0000023af37131b0, 0x0000023af801acc0,
0x0000023af395a380, 0x0000023af395a9f0, 0x0000023af395df10, 0x0000023af8291ff0,
0x0000023af8293a80, 0x0000023af80bb1c0, 0x0000023af8283f30, 0x0000023af80e0d00,
0x0000023af80e3460, 0x0000023af80e3af0, 0x0000023af85b83b0
}

Java Threads: ( => current thread )
  0x0000023adae7f1e0 JavaThread "main"                              [_thread_blocked, id=23392, stack(0x0000006b27000000,0x0000006b27100000) (1024K)]
  0x0000023af3231990 JavaThread "Common-Cleaner"             daemon [_thread_blocked, id=3696, stack(0x0000006b27800000,0x0000006b27900000) (1024K)]
  0x0000023af3239df0 JavaThread "Reference Handler"          daemon [_thread_blocked, id=5000, stack(0x0000006b27900000,0x0000006b27a00000) (1024K)]
  0x0000023af323b860 JavaThread "Finalizer"                  daemon [_thread_blocked, id=6852, stack(0x0000006b27a00000,0x0000006b27b00000) (1024K)]
  0x0000023af323c6d0 JavaThread "Signal Dispatcher"          daemon [_thread_blocked, id=7124, stack(0x0000006b27b00000,0x0000006b27c00000) (1024K)]
  0x0000023af323d130 JavaThread "Attach Listener"            daemon [_thread_blocked, id=24760, stack(0x0000006b27c00000,0x0000006b27d00000) (1024K)]
  0x0000023af323db90 JavaThread "Service Thread"             daemon [_thread_blocked, id=20116, stack(0x0000006b27d00000,0x0000006b27e00000) (1024K)]
  0x0000023af3240600 JavaThread "Monitor Deflation Thread"   daemon [_thread_blocked, id=18932, stack(0x0000006b27e00000,0x0000006b27f00000) (1024K)]
  0x0000023af32434d0 JavaThread "C2 CompilerThread0"         daemon [_thread_blocked, id=24668, stack(0x0000006b27f00000,0x0000006b28000000) (1024K)]
  0x0000023af35b01c0 JavaThread "C1 CompilerThread0"         daemon [_thread_in_vm, id=12040, stack(0x0000006b28000000,0x0000006b28100000) (1024K)]
  0x0000023af37131b0 JavaThread "Notification Thread"        daemon [_thread_blocked, id=4856, stack(0x0000006b28100000,0x0000006b28200000) (1024K)]
  0x0000023af801acc0 JavaThread "RMI TCP Accept-40285"       daemon [_thread_in_native, id=18148, stack(0x0000006b28200000,0x0000006b28300000) (1024K)]
  0x0000023af395a380 JavaThread "RMI TCP Accept-0"           daemon [_thread_in_native, id=17624, stack(0x0000006b28300000,0x0000006b28400000) (1024K)]
  0x0000023af395a9f0 JavaThread "RMI Reaper"                        [_thread_blocked, id=5508, stack(0x0000006b28400000,0x0000006b28500000) (1024K)]
  0x0000023af395df10 JavaThread "RMI GC Daemon"              daemon [_thread_blocked, id=12708, stack(0x0000006b28500000,0x0000006b28600000) (1024K)]
  0x0000023af8291ff0 JavaThread "RMI TCP Connection(1)-127.0.0.1" daemon [_thread_in_native, id=22816, stack(0x0000006b28600000,0x0000006b28700000) (1024K)]
  0x0000023af8293a80 JavaThread "RMI TCP Connection(2)-127.0.0.1" daemon [_thread_in_native, id=25260, stack(0x0000006b28700000,0x0000006b28800000) (1024K)]
  0x0000023af80bb1c0 JavaThread "RMI Scheduler(0)"           daemon [_thread_blocked, id=20432, stack(0x0000006b28800000,0x0000006b28900000) (1024K)]
  0x0000023af8283f30 JavaThread "RMI TCP Connection(3)-127.0.0.1" daemon [_thread_in_vm, id=22696, stack(0x0000006b28900000,0x0000006b28a00000) (1024K)]
  0x0000023af80e0d00 JavaThread "RMI TCP Connection(4)-127.0.0.1" daemon [_thread_in_native, id=7076, stack(0x0000006b28a00000,0x0000006b28b00000) (1024K)]
  0x0000023af80e3460 JavaThread "RMI RenewClean-[127.0.0.1:57208]" daemon [_thread_blocked, id=23532, stack(0x0000006b28b00000,0x0000006b28c00000) (1024K)]
  0x0000023af80e3af0 JavaThread "mysql-cj-abandoned-connection-cleanup" daemon [_thread_blocked, id=9152, stack(0x0000006b28c00000,0x0000006b28d00000) (1024K)]
=>0x0000023af85b83b0 JavaThread "C2 CompilerThread1"         daemon [_thread_in_native, id=14500, stack(0x0000006b29400000,0x0000006b29500000) (1024K)]
Total: 23

Other Threads:
  0x0000023af3216bc0 VMThread "VM Thread"                           [id=16000, stack(0x0000006b27700000,0x0000006b27800000) (1024K)]
  0x0000023af3206590 WatcherThread "VM Periodic Task Thread"        [id=19376, stack(0x0000006b27600000,0x0000006b27700000) (1024K)]
  0x0000023adaed6850 WorkerThread "GC Thread#0"                     [id=10440, stack(0x0000006b27100000,0x0000006b27200000) (1024K)]
  0x0000023af8340c90 WorkerThread "GC Thread#1"                     [id=1920, stack(0x0000006b28d00000,0x0000006b28e00000) (1024K)]
  0x0000023af8341030 WorkerThread "GC Thread#2"                     [id=16532, stack(0x0000006b28e00000,0x0000006b28f00000) (1024K)]
  0x0000023af8221730 WorkerThread "GC Thread#3"                     [id=14948, stack(0x0000006b28f00000,0x0000006b29000000) (1024K)]
  0x0000023af8221ee0 WorkerThread "GC Thread#4"                     [id=10152, stack(0x0000006b29000000,0x0000006b29100000) (1024K)]
  0x0000023af83494a0 WorkerThread "GC Thread#5"                     [id=5792, stack(0x0000006b29100000,0x0000006b29200000) (1024K)]
  0x0000023af833e5d0 WorkerThread "GC Thread#6"                     [id=8536, stack(0x0000006b29200000,0x0000006b29300000) (1024K)]
  0x0000023af837d3d0 WorkerThread "GC Thread#7"                     [id=21464, stack(0x0000006b29300000,0x0000006b29400000) (1024K)]
  0x0000023adaee7640 ConcurrentGCThread "G1 Main Marker"            [id=19588, stack(0x0000006b27200000,0x0000006b27300000) (1024K)]
  0x0000023adaee8dd0 WorkerThread "G1 Conc#0"                       [id=1004, stack(0x0000006b27300000,0x0000006b27400000) (1024K)]
  0x0000023af30cc180 ConcurrentGCThread "G1 Refine#0"               [id=20928, stack(0x0000006b27400000,0x0000006b27500000) (1024K)]
  0x0000023af30cc9a0 ConcurrentGCThread "G1 Service"                [id=11512, stack(0x0000006b27500000,0x0000006b27600000) (1024K)]
Total: 14

Threads with active compile tasks:
C1 CompilerThread0  10985 1938       3       java.util.regex.Pattern::atom (422 bytes)
C2 CompilerThread1  10985 1832       4       sun.security.ec.ECOperations::setDouble (463 bytes)
Total: 2

VM state: not at safepoint (normal execution)

VM Mutex/Monitor currently owned by a thread: None

Heap address: 0x0000000080000000, size: 2048 MB, Compressed Oops mode: 32-bit

CDS archive(s) mapped at: [0x0000023a80000000-0x0000023a81bf0000-0x0000023a81bf0000), size 29294592, SharedBaseAddress: 0x0000023a80000000, ArchiveRelocationMode: 1.
Compressed class space mapped at: 0x0000023a82000000-0x0000023ac2000000, reserved size: 1073741824
Narrow klass base: 0x0000023a80000000, Narrow klass shift: 0, Narrow klass range: 0x100000000

GC Precious Log:
 CardTable entry size: 512
 Card Set container configuration: InlinePtr #cards 5 size 8 Array Of Cards #cards 12 size 40 Howl #buckets 4 coarsen threshold 1843 Howl Bitmap #cards 512 size 80 coarsen threshold 460 Card regions per heap region 1 cards per card region 2048
 CPUs: 8 total, 8 available
 Memory: 7914M
 Large Page Support: Disabled
 NUMA Support: Disabled
 Compressed Oops: Enabled (32-bit)
 Heap Region Size: 1M
 Heap Min Capacity: 128M
 Heap Initial Capacity: 128M
 Heap Max Capacity: 2G
 Pre-touch: Disabled
 Parallel Workers: 8
 Concurrent Workers: 2
 Concurrent Refinement Workers: 8
 Periodic GC: Disabled

Heap:
 garbage-first heap   total 131072K, used 21632K [0x0000000080000000, 0x0000000100000000)
  region size 1024K, 17 young (17408K), 3 survivors (3072K)
 Metaspace       used 8780K, committed 9216K, reserved 1114112K
  class space    used 1092K, committed 1280K, reserved 1048576K

Heap Regions: E=young(eden), S=young(survivor), O=old, HS=humongous(starts), HC=humongous(continues), CS=collection set, F=free, TAMS=top-at-mark-start, PB=parsable bottom
|   0|0x0000000080000000, 0x0000000080100000, 0x0000000080100000|100%|HS|  |TAMS 0x0000000080000000| PB 0x0000000080000000| Complete 
|   1|0x0000000080100000, 0x0000000080200000, 0x0000000080200000|100%|HC|  |TAMS 0x0000000080100000| PB 0x0000000080100000| Complete 
|   2|0x0000000080200000, 0x0000000080300000, 0x0000000080300000|100%|HS|  |TAMS 0x0000000080200000| PB 0x0000000080200000| Complete 
|   3|0x0000000080300000, 0x0000000080400000, 0x0000000080400000|100%|HS|  |TAMS 0x0000000080300000| PB 0x0000000080300000| Complete 
|   4|0x0000000080400000, 0x0000000080500000, 0x0000000080500000|100%| O|  |TAMS 0x0000000080400000| PB 0x0000000080400000| Untracked 
|   5|0x0000000080500000, 0x0000000080600000, 0x0000000080600000|100%| O|  |TAMS 0x0000000080500000| PB 0x0000000080500000| Untracked 
|   6|0x0000000080600000, 0x0000000080620000, 0x0000000080700000| 12%| O|  |TAMS 0x0000000080600000| PB 0x0000000080600000| Untracked 
|   7|0x0000000080700000, 0x0000000080700000, 0x0000000080800000|  0%| F|  |TAMS 0x0000000080700000| PB 0x0000000080700000| Untracked 
|   8|0x0000000080800000, 0x0000000080800000, 0x0000000080900000|  0%| F|  |TAMS 0x0000000080800000| PB 0x0000000080800000| Untracked 
|   9|0x0000000080900000, 0x0000000080900000, 0x0000000080a00000|  0%| F|  |TAMS 0x0000000080900000| PB 0x0000000080900000| Untracked 
|  10|0x0000000080a00000, 0x0000000080a00000, 0x0000000080b00000|  0%| F|  |TAMS 0x0000000080a00000| PB 0x0000000080a00000| Untracked 
|  11|0x0000000080b00000, 0x0000000080b00000, 0x0000000080c00000|  0%| F|  |TAMS 0x0000000080b00000| PB 0x0000000080b00000| Untracked 
|  12|0x0000000080c00000, 0x0000000080c00000, 0x0000000080d00000|  0%| F|  |TAMS 0x0000000080c00000| PB 0x0000000080c00000| Untracked 
|  13|0x0000000080d00000, 0x0000000080d00000, 0x0000000080e00000|  0%| F|  |TAMS 0x0000000080d00000| PB 0x0000000080d00000| Untracked 
|  14|0x0000000080e00000, 0x0000000080e00000, 0x0000000080f00000|  0%| F|  |TAMS 0x0000000080e00000| PB 0x0000000080e00000| Untracked 
|  15|0x0000000080f00000, 0x0000000080f00000, 0x0000000081000000|  0%| F|  |TAMS 0x0000000080f00000| PB 0x0000000080f00000| Untracked 
|  16|0x0000000081000000, 0x0000000081000000, 0x0000000081100000|  0%| F|  |TAMS 0x0000000081000000| PB 0x0000000081000000| Untracked 
|  17|0x0000000081100000, 0x0000000081100000, 0x0000000081200000|  0%| F|  |TAMS 0x0000000081100000| PB 0x0000000081100000| Untracked 
|  18|0x0000000081200000, 0x0000000081200000, 0x0000000081300000|  0%| F|  |TAMS 0x0000000081200000| PB 0x0000000081200000| Untracked 
|  19|0x0000000081300000, 0x0000000081300000, 0x0000000081400000|  0%| F|  |TAMS 0x0000000081300000| PB 0x0000000081300000| Untracked 
|  20|0x0000000081400000, 0x0000000081400000, 0x0000000081500000|  0%| F|  |TAMS 0x0000000081400000| PB 0x0000000081400000| Untracked 
|  21|0x0000000081500000, 0x0000000081500000, 0x0000000081600000|  0%| F|  |TAMS 0x0000000081500000| PB 0x0000000081500000| Untracked 
|  22|0x0000000081600000, 0x0000000081600000, 0x0000000081700000|  0%| F|  |TAMS 0x0000000081600000| PB 0x0000000081600000| Untracked 
|  23|0x0000000081700000, 0x0000000081700000, 0x0000000081800000|  0%| F|  |TAMS 0x0000000081700000| PB 0x0000000081700000| Untracked 
|  24|0x0000000081800000, 0x0000000081800000, 0x0000000081900000|  0%| F|  |TAMS 0x0000000081800000| PB 0x0000000081800000| Untracked 
|  25|0x0000000081900000, 0x0000000081900000, 0x0000000081a00000|  0%| F|  |TAMS 0x0000000081900000| PB 0x0000000081900000| Untracked 
|  26|0x0000000081a00000, 0x0000000081a00000, 0x0000000081b00000|  0%| F|  |TAMS 0x0000000081a00000| PB 0x0000000081a00000| Untracked 
|  27|0x0000000081b00000, 0x0000000081b00000, 0x0000000081c00000|  0%| F|  |TAMS 0x0000000081b00000| PB 0x0000000081b00000| Untracked 
|  28|0x0000000081c00000, 0x0000000081c00000, 0x0000000081d00000|  0%| F|  |TAMS 0x0000000081c00000| PB 0x0000000081c00000| Untracked 
|  29|0x0000000081d00000, 0x0000000081d00000, 0x0000000081e00000|  0%| F|  |TAMS 0x0000000081d00000| PB 0x0000000081d00000| Untracked 
|  30|0x0000000081e00000, 0x0000000081e00000, 0x0000000081f00000|  0%| F|  |TAMS 0x0000000081e00000| PB 0x0000000081e00000| Untracked 
|  31|0x0000000081f00000, 0x0000000081f00000, 0x0000000082000000|  0%| F|  |TAMS 0x0000000081f00000| PB 0x0000000081f00000| Untracked 
|  32|0x0000000082000000, 0x0000000082000000, 0x0000000082100000|  0%| F|  |TAMS 0x0000000082000000| PB 0x0000000082000000| Untracked 
|  33|0x0000000082100000, 0x0000000082100000, 0x0000000082200000|  0%| F|  |TAMS 0x0000000082100000| PB 0x0000000082100000| Untracked 
|  34|0x0000000082200000, 0x0000000082200000, 0x0000000082300000|  0%| F|  |TAMS 0x0000000082200000| PB 0x0000000082200000| Untracked 
|  35|0x0000000082300000, 0x0000000082300000, 0x0000000082400000|  0%| F|  |TAMS 0x0000000082300000| PB 0x0000000082300000| Untracked 
|  36|0x0000000082400000, 0x0000000082400000, 0x0000000082500000|  0%| F|  |TAMS 0x0000000082400000| PB 0x0000000082400000| Untracked 
|  37|0x0000000082500000, 0x0000000082500000, 0x0000000082600000|  0%| F|  |TAMS 0x0000000082500000| PB 0x0000000082500000| Untracked 
|  38|0x0000000082600000, 0x0000000082600000, 0x0000000082700000|  0%| F|  |TAMS 0x0000000082600000| PB 0x0000000082600000| Untracked 
|  39|0x0000000082700000, 0x0000000082700000, 0x0000000082800000|  0%| F|  |TAMS 0x0000000082700000| PB 0x0000000082700000| Untracked 
|  40|0x0000000082800000, 0x0000000082800000, 0x0000000082900000|  0%| F|  |TAMS 0x0000000082800000| PB 0x0000000082800000| Untracked 
|  41|0x0000000082900000, 0x0000000082900000, 0x0000000082a00000|  0%| F|  |TAMS 0x0000000082900000| PB 0x0000000082900000| Untracked 
|  42|0x0000000082a00000, 0x0000000082a00000, 0x0000000082b00000|  0%| F|  |TAMS 0x0000000082a00000| PB 0x0000000082a00000| Untracked 
|  43|0x0000000082b00000, 0x0000000082b00000, 0x0000000082c00000|  0%| F|  |TAMS 0x0000000082b00000| PB 0x0000000082b00000| Untracked 
|  44|0x0000000082c00000, 0x0000000082c00000, 0x0000000082d00000|  0%| F|  |TAMS 0x0000000082c00000| PB 0x0000000082c00000| Untracked 
|  45|0x0000000082d00000, 0x0000000082d00000, 0x0000000082e00000|  0%| F|  |TAMS 0x0000000082d00000| PB 0x0000000082d00000| Untracked 
|  46|0x0000000082e00000, 0x0000000082e00000, 0x0000000082f00000|  0%| F|  |TAMS 0x0000000082e00000| PB 0x0000000082e00000| Untracked 
|  47|0x0000000082f00000, 0x0000000082f00000, 0x0000000083000000|  0%| F|  |TAMS 0x0000000082f00000| PB 0x0000000082f00000| Untracked 
|  48|0x0000000083000000, 0x0000000083000000, 0x0000000083100000|  0%| F|  |TAMS 0x0000000083000000| PB 0x0000000083000000| Untracked 
|  49|0x0000000083100000, 0x0000000083100000, 0x0000000083200000|  0%| F|  |TAMS 0x0000000083100000| PB 0x0000000083100000| Untracked 
|  50|0x0000000083200000, 0x0000000083200000, 0x0000000083300000|  0%| F|  |TAMS 0x0000000083200000| PB 0x0000000083200000| Untracked 
|  51|0x0000000083300000, 0x0000000083300000, 0x0000000083400000|  0%| F|  |TAMS 0x0000000083300000| PB 0x0000000083300000| Untracked 
|  52|0x0000000083400000, 0x0000000083400000, 0x0000000083500000|  0%| F|  |TAMS 0x0000000083400000| PB 0x0000000083400000| Untracked 
|  53|0x0000000083500000, 0x0000000083500000, 0x0000000083600000|  0%| F|  |TAMS 0x0000000083500000| PB 0x0000000083500000| Untracked 
|  54|0x0000000083600000, 0x0000000083600000, 0x0000000083700000|  0%| F|  |TAMS 0x0000000083600000| PB 0x0000000083600000| Untracked 
|  55|0x0000000083700000, 0x0000000083700000, 0x0000000083800000|  0%| F|  |TAMS 0x0000000083700000| PB 0x0000000083700000| Untracked 
|  56|0x0000000083800000, 0x0000000083800000, 0x0000000083900000|  0%| F|  |TAMS 0x0000000083800000| PB 0x0000000083800000| Untracked 
|  57|0x0000000083900000, 0x0000000083900000, 0x0000000083a00000|  0%| F|  |TAMS 0x0000000083900000| PB 0x0000000083900000| Untracked 
|  58|0x0000000083a00000, 0x0000000083a00000, 0x0000000083b00000|  0%| F|  |TAMS 0x0000000083a00000| PB 0x0000000083a00000| Untracked 
|  59|0x0000000083b00000, 0x0000000083b00000, 0x0000000083c00000|  0%| F|  |TAMS 0x0000000083b00000| PB 0x0000000083b00000| Untracked 
|  60|0x0000000083c00000, 0x0000000083c00000, 0x0000000083d00000|  0%| F|  |TAMS 0x0000000083c00000| PB 0x0000000083c00000| Untracked 
|  61|0x0000000083d00000, 0x0000000083d00000, 0x0000000083e00000|  0%| F|  |TAMS 0x0000000083d00000| PB 0x0000000083d00000| Untracked 
|  62|0x0000000083e00000, 0x0000000083e00000, 0x0000000083f00000|  0%| F|  |TAMS 0x0000000083e00000| PB 0x0000000083e00000| Untracked 
|  63|0x0000000083f00000, 0x0000000083f00000, 0x0000000084000000|  0%| F|  |TAMS 0x0000000083f00000| PB 0x0000000083f00000| Untracked 
|  64|0x0000000084000000, 0x0000000084000000, 0x0000000084100000|  0%| F|  |TAMS 0x0000000084000000| PB 0x0000000084000000| Untracked 
|  65|0x0000000084100000, 0x0000000084100000, 0x0000000084200000|  0%| F|  |TAMS 0x0000000084100000| PB 0x0000000084100000| Untracked 
|  66|0x0000000084200000, 0x0000000084200000, 0x0000000084300000|  0%| F|  |TAMS 0x0000000084200000| PB 0x0000000084200000| Untracked 
|  67|0x0000000084300000, 0x0000000084300000, 0x0000000084400000|  0%| F|  |TAMS 0x0000000084300000| PB 0x0000000084300000| Untracked 
|  68|0x0000000084400000, 0x0000000084400000, 0x0000000084500000|  0%| F|  |TAMS 0x0000000084400000| PB 0x0000000084400000| Untracked 
|  69|0x0000000084500000, 0x0000000084500000, 0x0000000084600000|  0%| F|  |TAMS 0x0000000084500000| PB 0x0000000084500000| Untracked 
|  70|0x0000000084600000, 0x0000000084600000, 0x0000000084700000|  0%| F|  |TAMS 0x0000000084600000| PB 0x0000000084600000| Untracked 
|  71|0x0000000084700000, 0x0000000084700000, 0x0000000084800000|  0%| F|  |TAMS 0x0000000084700000| PB 0x0000000084700000| Untracked 
|  72|0x0000000084800000, 0x0000000084800000, 0x0000000084900000|  0%| F|  |TAMS 0x0000000084800000| PB 0x0000000084800000| Untracked 
|  73|0x0000000084900000, 0x0000000084900000, 0x0000000084a00000|  0%| F|  |TAMS 0x0000000084900000| PB 0x0000000084900000| Untracked 
|  74|0x0000000084a00000, 0x0000000084a00000, 0x0000000084b00000|  0%| F|  |TAMS 0x0000000084a00000| PB 0x0000000084a00000| Untracked 
|  75|0x0000000084b00000, 0x0000000084b00000, 0x0000000084c00000|  0%| F|  |TAMS 0x0000000084b00000| PB 0x0000000084b00000| Untracked 
|  76|0x0000000084c00000, 0x0000000084c00000, 0x0000000084d00000|  0%| F|  |TAMS 0x0000000084c00000| PB 0x0000000084c00000| Untracked 
|  77|0x0000000084d00000, 0x0000000084d00000, 0x0000000084e00000|  0%| F|  |TAMS 0x0000000084d00000| PB 0x0000000084d00000| Untracked 
|  78|0x0000000084e00000, 0x0000000084e00000, 0x0000000084f00000|  0%| F|  |TAMS 0x0000000084e00000| PB 0x0000000084e00000| Untracked 
|  79|0x0000000084f00000, 0x0000000084f00000, 0x0000000085000000|  0%| F|  |TAMS 0x0000000084f00000| PB 0x0000000084f00000| Untracked 
|  80|0x0000000085000000, 0x0000000085000000, 0x0000000085100000|  0%| F|  |TAMS 0x0000000085000000| PB 0x0000000085000000| Untracked 
|  81|0x0000000085100000, 0x0000000085100000, 0x0000000085200000|  0%| F|  |TAMS 0x0000000085100000| PB 0x0000000085100000| Untracked 
|  82|0x0000000085200000, 0x0000000085200000, 0x0000000085300000|  0%| F|  |TAMS 0x0000000085200000| PB 0x0000000085200000| Untracked 
|  83|0x0000000085300000, 0x0000000085300000, 0x0000000085400000|  0%| F|  |TAMS 0x0000000085300000| PB 0x0000000085300000| Untracked 
|  84|0x0000000085400000, 0x0000000085400000, 0x0000000085500000|  0%| F|  |TAMS 0x0000000085400000| PB 0x0000000085400000| Untracked 
|  85|0x0000000085500000, 0x0000000085500000, 0x0000000085600000|  0%| F|  |TAMS 0x0000000085500000| PB 0x0000000085500000| Untracked 
|  86|0x0000000085600000, 0x0000000085600000, 0x0000000085700000|  0%| F|  |TAMS 0x0000000085600000| PB 0x0000000085600000| Untracked 
|  87|0x0000000085700000, 0x0000000085700000, 0x0000000085800000|  0%| F|  |TAMS 0x0000000085700000| PB 0x0000000085700000| Untracked 
|  88|0x0000000085800000, 0x0000000085800000, 0x0000000085900000|  0%| F|  |TAMS 0x0000000085800000| PB 0x0000000085800000| Untracked 
|  89|0x0000000085900000, 0x0000000085900000, 0x0000000085a00000|  0%| F|  |TAMS 0x0000000085900000| PB 0x0000000085900000| Untracked 
|  90|0x0000000085a00000, 0x0000000085a00000, 0x0000000085b00000|  0%| F|  |TAMS 0x0000000085a00000| PB 0x0000000085a00000| Untracked 
|  91|0x0000000085b00000, 0x0000000085b00000, 0x0000000085c00000|  0%| F|  |TAMS 0x0000000085b00000| PB 0x0000000085b00000| Untracked 
|  92|0x0000000085c00000, 0x0000000085c00000, 0x0000000085d00000|  0%| F|  |TAMS 0x0000000085c00000| PB 0x0000000085c00000| Untracked 
|  93|0x0000000085d00000, 0x0000000085d00000, 0x0000000085e00000|  0%| F|  |TAMS 0x0000000085d00000| PB 0x0000000085d00000| Untracked 
|  94|0x0000000085e00000, 0x0000000085e00000, 0x0000000085f00000|  0%| F|  |TAMS 0x0000000085e00000| PB 0x0000000085e00000| Untracked 
|  95|0x0000000085f00000, 0x0000000085f00000, 0x0000000086000000|  0%| F|  |TAMS 0x0000000085f00000| PB 0x0000000085f00000| Untracked 
|  96|0x0000000086000000, 0x0000000086000000, 0x0000000086100000|  0%| F|  |TAMS 0x0000000086000000| PB 0x0000000086000000| Untracked 
|  97|0x0000000086100000, 0x0000000086100000, 0x0000000086200000|  0%| F|  |TAMS 0x0000000086100000| PB 0x0000000086100000| Untracked 
|  98|0x0000000086200000, 0x0000000086200000, 0x0000000086300000|  0%| F|  |TAMS 0x0000000086200000| PB 0x0000000086200000| Untracked 
|  99|0x0000000086300000, 0x0000000086300000, 0x0000000086400000|  0%| F|  |TAMS 0x0000000086300000| PB 0x0000000086300000| Untracked 
| 100|0x0000000086400000, 0x0000000086400000, 0x0000000086500000|  0%| F|  |TAMS 0x0000000086400000| PB 0x0000000086400000| Untracked 
| 101|0x0000000086500000, 0x0000000086500000, 0x0000000086600000|  0%| F|  |TAMS 0x0000000086500000| PB 0x0000000086500000| Untracked 
| 102|0x0000000086600000, 0x0000000086700000, 0x0000000086700000|100%| S|CS|TAMS 0x0000000086600000| PB 0x0000000086600000| Complete 
| 103|0x0000000086700000, 0x0000000086800000, 0x0000000086800000|100%| S|CS|TAMS 0x0000000086700000| PB 0x0000000086700000| Complete 
| 104|0x0000000086800000, 0x0000000086900000, 0x0000000086900000|100%| S|CS|TAMS 0x0000000086800000| PB 0x0000000086800000| Complete 
| 105|0x0000000086900000, 0x0000000086900000, 0x0000000086a00000|  0%| F|  |TAMS 0x0000000086900000| PB 0x0000000086900000| Untracked 
| 106|0x0000000086a00000, 0x0000000086a00000, 0x0000000086b00000|  0%| F|  |TAMS 0x0000000086a00000| PB 0x0000000086a00000| Untracked 
| 107|0x0000000086b00000, 0x0000000086b00000, 0x0000000086c00000|  0%| F|  |TAMS 0x0000000086b00000| PB 0x0000000086b00000| Untracked 
| 108|0x0000000086c00000, 0x0000000086c00000, 0x0000000086d00000|  0%| F|  |TAMS 0x0000000086c00000| PB 0x0000000086c00000| Untracked 
| 109|0x0000000086d00000, 0x0000000086d00000, 0x0000000086e00000|  0%| F|  |TAMS 0x0000000086d00000| PB 0x0000000086d00000| Untracked 
| 110|0x0000000086e00000, 0x0000000086e00000, 0x0000000086f00000|  0%| F|  |TAMS 0x0000000086e00000| PB 0x0000000086e00000| Untracked 
| 111|0x0000000086f00000, 0x0000000086f00000, 0x0000000087000000|  0%| F|  |TAMS 0x0000000086f00000| PB 0x0000000086f00000| Untracked 
| 112|0x0000000087000000, 0x0000000087000000, 0x0000000087100000|  0%| F|  |TAMS 0x0000000087000000| PB 0x0000000087000000| Untracked 
| 113|0x0000000087100000, 0x0000000087100000, 0x0000000087200000|  0%| F|  |TAMS 0x0000000087100000| PB 0x0000000087100000| Untracked 
| 114|0x0000000087200000, 0x000000008727d9e0, 0x0000000087300000| 49%| E|  |TAMS 0x0000000087200000| PB 0x0000000087200000| Complete 
| 115|0x0000000087300000, 0x0000000087400000, 0x0000000087400000|100%| E|CS|TAMS 0x0000000087300000| PB 0x0000000087300000| Complete 
| 116|0x0000000087400000, 0x0000000087500000, 0x0000000087500000|100%| E|CS|TAMS 0x0000000087400000| PB 0x0000000087400000| Complete 
| 117|0x0000000087500000, 0x0000000087600000, 0x0000000087600000|100%| E|CS|TAMS 0x0000000087500000| PB 0x0000000087500000| Complete 
| 118|0x0000000087600000, 0x0000000087700000, 0x0000000087700000|100%| E|CS|TAMS 0x0000000087600000| PB 0x0000000087600000| Complete 
| 119|0x0000000087700000, 0x0000000087800000, 0x0000000087800000|100%| E|CS|TAMS 0x0000000087700000| PB 0x0000000087700000| Complete 
| 120|0x0000000087800000, 0x0000000087900000, 0x0000000087900000|100%| E|CS|TAMS 0x0000000087800000| PB 0x0000000087800000| Complete 
| 121|0x0000000087900000, 0x0000000087a00000, 0x0000000087a00000|100%| E|CS|TAMS 0x0000000087900000| PB 0x0000000087900000| Complete 
| 122|0x0000000087a00000, 0x0000000087b00000, 0x0000000087b00000|100%| E|  |TAMS 0x0000000087a00000| PB 0x0000000087a00000| Complete 
| 123|0x0000000087b00000, 0x0000000087c00000, 0x0000000087c00000|100%| E|CS|TAMS 0x0000000087b00000| PB 0x0000000087b00000| Complete 
| 124|0x0000000087c00000, 0x0000000087d00000, 0x0000000087d00000|100%| E|CS|TAMS 0x0000000087c00000| PB 0x0000000087c00000| Complete 
| 125|0x0000000087d00000, 0x0000000087e00000, 0x0000000087e00000|100%| E|CS|TAMS 0x0000000087d00000| PB 0x0000000087d00000| Complete 
| 126|0x0000000087e00000, 0x0000000087f00000, 0x0000000087f00000|100%| E|CS|TAMS 0x0000000087e00000| PB 0x0000000087e00000| Complete 
| 127|0x0000000087f00000, 0x0000000088000000, 0x0000000088000000|100%| E|CS|TAMS 0x0000000087f00000| PB 0x0000000087f00000| Complete 

Card table byte_map: [0x0000023aee5f0000,0x0000023aee9f0000] _byte_map_base: 0x0000023aee1f0000

Marking Bits: (CMBitMap*) 0x0000023adaed6d60
 Bits: [0x0000023aee9f0000, 0x0000023af09f0000)

Polling page: 0x0000023ad8ce0000

Metaspace:

Usage:
  Non-class:      7.52 MB used.
      Class:      1.07 MB used.
       Both:      8.59 MB used.

Virtual space:
  Non-class space:       64.00 MB reserved,       7.75 MB ( 12%) committed,  1 nodes.
      Class space:        1.00 GB reserved,       1.25 MB ( <1%) committed,  1 nodes.
             Both:        1.06 GB reserved,       9.00 MB ( <1%) committed. 

Chunk freelists:
   Non-Class:  6.78 MB
       Class:  14.58 MB
        Both:  21.36 MB

MaxMetaspaceSize: unlimited
CompressedClassSpaceSize: 1.00 GB
Initial GC threshold: 21.00 MB
Current GC threshold: 21.00 MB
CDS: on
 - commit_granule_bytes: 65536.
 - commit_granule_words: 8192.
 - virtual_space_node_default_size: 8388608.
 - enlarge_chunks_in_place: 1.
 - use_allocation_guard: 0.


Internal statistics:

num_allocs_failed_limit: 0.
num_arena_births: 400.
num_arena_deaths: 0.
num_vsnodes_births: 2.
num_vsnodes_deaths: 0.
num_space_committed: 144.
num_space_uncommitted: 0.
num_chunks_returned_to_freelist: 0.
num_chunks_taken_from_freelist: 715.
num_chunk_merges: 0.
num_chunk_splits: 474.
num_chunks_enlarged: 256.
num_inconsistent_stats: 0.

CodeHeap 'non-profiled nmethods': size=120000Kb used=687Kb max_used=687Kb free=119312Kb
 bounds [0x0000023ae6990000, 0x0000023ae6c00000, 0x0000023aedec0000]
CodeHeap 'profiled nmethods': size=120000Kb used=3430Kb max_used=3430Kb free=116569Kb
 bounds [0x0000023adeec0000, 0x0000023adf220000, 0x0000023ae63f0000]
CodeHeap 'non-nmethods': size=5760Kb used=1679Kb max_used=1693Kb free=4080Kb
 bounds [0x0000023ae63f0000, 0x0000023ae6660000, 0x0000023ae6990000]
 total_blobs=2521 nmethods=1939 adapters=487
 compilation: enabled
              stopped_count=0, restarted_count=0
 full_count=0

Compilation events (20 events):
Event: 9.955 Thread 0x0000023af35b01c0 1909       3       com.sun.crypto.provider.CounterMode::increment (28 bytes)
Event: 9.955 Thread 0x0000023af35b01c0 nmethod 1909 0x0000023adf208010 code [0x0000023adf2081c0, 0x0000023adf2083b0]
Event: 9.955 Thread 0x0000023af35b01c0 1910       3       java.util.zip.ZipFile$ZipFileInflaterInputStream::fill (80 bytes)
Event: 9.955 Thread 0x0000023af35b01c0 nmethod 1910 0x0000023adf208490 code [0x0000023adf208680, 0x0000023adf208a60]
Event: 9.958 Thread 0x0000023af35b01c0 1911       3       java.lang.ReflectiveOperationException::<init> (7 bytes)
Event: 9.959 Thread 0x0000023af35b01c0 nmethod 1911 0x0000023adf208c10 code [0x0000023adf208dc0, 0x0000023adf208f58]
Event: 9.959 Thread 0x0000023af35b01c0 1912       3       java.lang.Exception::<init> (7 bytes)
Event: 9.959 Thread 0x0000023af35b01c0 nmethod 1912 0x0000023adf209010 code [0x0000023adf2091c0, 0x0000023adf2092f8]
Event: 9.960 Thread 0x0000023af35b01c0 1914       1       com.mysql.cj.protocol.a.NativePacketPayload::getPosition (5 bytes)
Event: 9.961 Thread 0x0000023af35b01c0 nmethod 1914 0x0000023ae6a3b010 code [0x0000023ae6a3b1a0, 0x0000023ae6a3b268]
Event: 9.961 Thread 0x0000023af35b01c0 1913       1       sun.security.ssl.InputRecord::isClosed (5 bytes)
Event: 9.961 Thread 0x0000023af35b01c0 nmethod 1913 0x0000023ae6a3b310 code [0x0000023ae6a3b4a0, 0x0000023ae6a3b570]
Event: 9.961 Thread 0x0000023af35b01c0 1915       3       java.util.ArrayList::contains (14 bytes)
Event: 9.961 Thread 0x0000023af35b01c0 nmethod 1915 0x0000023adf209390 code [0x0000023adf209540, 0x0000023adf209760]
Event: 9.961 Thread 0x0000023af35b01c0 1916       3       java.util.ArrayList::indexOf (11 bytes)
Event: 9.961 Thread 0x0000023af35b01c0 nmethod 1916 0x0000023adf209890 code [0x0000023adf209a40, 0x0000023adf209ba0]
Event: 9.961 Thread 0x0000023af35b01c0 1917       3       java.util.ArrayDeque::add (7 bytes)
Event: 9.961 Thread 0x0000023af35b01c0 nmethod 1917 0x0000023adf209c90 code [0x0000023adf209e40, 0x0000023adf209f98]
Event: 9.961 Thread 0x0000023af35b01c0 1918       3       java.util.ArrayDeque::addLast (51 bytes)
Event: 9.961 Thread 0x0000023af35b01c0 nmethod 1918 0x0000023adf20a090 code [0x0000023adf20a280, 0x0000023adf20a730]

GC Heap History (2 events):
Event: 4.577 GC heap before
{Heap before GC invocations=0 (full 0):
 garbage-first heap   total 131072K, used 27648K [0x0000000080000000, 0x0000000100000000)
  region size 1024K, 23 young (23552K), 0 survivors (0K)
 Metaspace       used 5403K, committed 5824K, reserved 1114112K
  class space    used 717K, committed 896K, reserved 1048576K
}
Event: 4.583 GC heap after
{Heap after GC invocations=1 (full 0):
 garbage-first heap   total 131072K, used 9344K [0x0000000080000000, 0x0000000100000000)
  region size 1024K, 3 young (3072K), 3 survivors (3072K)
 Metaspace       used 5403K, committed 5824K, reserved 1114112K
  class space    used 717K, committed 896K, reserved 1048576K
}

Dll operation events (2 events):
Event: 0.008 Loaded shared library C:\Program Files\JetBrains\PhpStorm 2025.2\jbr\bin\java.dll
Event: 0.088 Loaded shared library C:\Program Files\JetBrains\PhpStorm 2025.2\jbr\bin\zip.dll

Deoptimization events (20 events):
Event: 5.746 Thread 0x0000023af8283f30 Uncommon trap: trap_request=0xffffffde fr.pc=0x0000023ae6a1c9d0 relative=0x0000000000000bd0
Event: 5.746 Thread 0x0000023af8283f30 Uncommon trap: reason=class_check action=maybe_recompile pc=0x0000023ae6a1c9d0 method=java.util.HashMap.putVal(ILjava/lang/Object;Ljava/lang/Object;ZZ)Ljava/lang/Object; @ 203 c2
Event: 5.746 Thread 0x0000023af8283f30 DEOPT PACKING pc=0x0000023ae6a1c9d0 sp=0x0000006b289fc4f0
Event: 5.746 Thread 0x0000023af8283f30 DEOPT UNPACKING pc=0x0000023ae6447da2 sp=0x0000006b289fc4a0 mode 2
Event: 5.751 Thread 0x0000023af8283f30 Uncommon trap: trap_request=0xffffff6e fr.pc=0x0000023ae6a169a0 relative=0x00000000000003e0
Event: 5.751 Thread 0x0000023af8283f30 Uncommon trap: reason=loop_limit_check action=maybe_recompile pc=0x0000023ae6a169a0 method=java.lang.StringLatin1.indexOf([BI[BII)I @ 37 c2
Event: 5.751 Thread 0x0000023af8283f30 DEOPT PACKING pc=0x0000023ae6a169a0 sp=0x0000006b289fba70
Event: 5.751 Thread 0x0000023af8283f30 DEOPT UNPACKING pc=0x0000023ae6447da2 sp=0x0000006b289fb9f8 mode 2
Event: 7.828 Thread 0x0000023af8283f30 Uncommon trap: trap_request=0xffffff45 fr.pc=0x0000023ae699a4b0 relative=0x0000000000000190
Event: 7.828 Thread 0x0000023af8283f30 Uncommon trap: reason=unstable_if action=reinterpret pc=0x0000023ae699a4b0 method=jdk.internal.util.ArraysSupport.vectorizedHashCode(Ljava/lang/Object;IIII)I @ 2 c2
Event: 7.828 Thread 0x0000023af8283f30 DEOPT PACKING pc=0x0000023ae699a4b0 sp=0x0000006b289fb3f0
Event: 7.828 Thread 0x0000023af8283f30 DEOPT UNPACKING pc=0x0000023ae6447da2 sp=0x0000006b289fb3a0 mode 2
Event: 9.948 Thread 0x0000023af8283f30 Uncommon trap: trap_request=0xffffffde fr.pc=0x0000023ae6a287a0 relative=0x0000000000000ba0
Event: 9.948 Thread 0x0000023af8283f30 Uncommon trap: reason=class_check action=maybe_recompile pc=0x0000023ae6a287a0 method=java.util.HashMap.putVal(ILjava/lang/Object;Ljava/lang/Object;ZZ)Ljava/lang/Object; @ 253 c2
Event: 9.948 Thread 0x0000023af8283f30 DEOPT PACKING pc=0x0000023ae6a287a0 sp=0x0000006b289fd700
Event: 9.948 Thread 0x0000023af8283f30 DEOPT UNPACKING pc=0x0000023ae6447da2 sp=0x0000006b289fd648 mode 2
Event: 9.948 Thread 0x0000023af8283f30 Uncommon trap: trap_request=0xffffffde fr.pc=0x0000023ae6a287a0 relative=0x0000000000000ba0
Event: 9.948 Thread 0x0000023af8283f30 Uncommon trap: reason=class_check action=maybe_recompile pc=0x0000023ae6a287a0 method=java.util.HashMap.putVal(ILjava/lang/Object;Ljava/lang/Object;ZZ)Ljava/lang/Object; @ 253 c2
Event: 9.948 Thread 0x0000023af8283f30 DEOPT PACKING pc=0x0000023ae6a287a0 sp=0x0000006b289fd700
Event: 9.948 Thread 0x0000023af8283f30 DEOPT UNPACKING pc=0x0000023ae6447da2 sp=0x0000006b289fd648 mode 2

Classes loaded (20 events):
Event: 7.823 Loading class com/sun/security/sasl/Provider$ProviderService
Event: 7.823 Loading class com/sun/security/sasl/Provider$ProviderService done
Event: 9.920 Loading class sun/security/ssl/CertificateRequest$T13CertificateRequestMessage
Event: 9.920 Loading class sun/security/ssl/CertificateRequest$T13CertificateRequestMessage done
Event: 9.923 Loading class jdk/internal/event/X509CertificateEvent
Event: 9.923 Loading class jdk/internal/event/X509CertificateEvent done
Event: 9.929 Loading class sun/security/ssl/X509Authentication$X509Possession
Event: 9.929 Loading class sun/security/ssl/X509Authentication$X509Possession done
Event: 9.930 Loading class jdk/internal/event/TLSHandshakeEvent
Event: 9.931 Loading class jdk/internal/event/TLSHandshakeEvent done
Event: 9.938 Loading class java/security/DigestException
Event: 9.938 Loading class java/security/DigestException done
Event: 9.940 Loading class javax/security/sasl/SaslException
Event: 9.940 Loading class javax/security/sasl/SaslException done
Event: 9.941 Loading class javax/security/auth/callback/UnsupportedCallbackException
Event: 9.941 Loading class javax/security/auth/callback/UnsupportedCallbackException done
Event: 9.941 Loading class javax/security/auth/login/Configuration
Event: 9.941 Loading class javax/security/auth/login/Configuration done
Event: 9.942 Loading class javax/security/auth/callback/Callback
Event: 9.942 Loading class javax/security/auth/callback/Callback done

Classes unloaded (0 events):
No events

Classes redefined (0 events):
No events

Internal exceptions (20 events):
Event: 0.351 Thread 0x0000023adae7f1e0 Exception <a 'java/lang/NoSuchMethodError'{0x00000000870b0c80}: 'java.lang.Object java.lang.invoke.Invokers$Holder.linkToTargetMethod(java.lang.Object, long, java.lang.Object)'> (0x00000000870b0c80) 
thrown [s\src\hotspot\share\interpreter\linkResolver.cpp, line 784]
Event: 0.367 Thread 0x0000023af8291ff0 Exception <a 'java/lang/NoSuchMethodError'{0x0000000086f9a5d8}: 'long java.lang.invoke.DirectMethodHandle$Holder.invokeSpecial(java.lang.Object, java.lang.Object)'> (0x0000000086f9a5d8) 
thrown [s\src\hotspot\share\interpreter\linkResolver.cpp, line 784]
Event: 0.367 Thread 0x0000023af8293a80 Exception <a 'java/lang/NoSuchMethodError'{0x0000000086f3b188}: 'long java.lang.invoke.DirectMethodHandle$Holder.invokeSpecial(java.lang.Object, java.lang.Object)'> (0x0000000086f3b188) 
thrown [s\src\hotspot\share\interpreter\linkResolver.cpp, line 784]
Event: 0.367 Thread 0x0000023af8293a80 Exception <a 'java/lang/NoSuchMethodError'{0x0000000086f3e370}: 'long java.lang.invoke.Invokers$Holder.invokeExact_MT(java.lang.Object, java.lang.Object)'> (0x0000000086f3e370) 
thrown [s\src\hotspot\share\interpreter\linkResolver.cpp, line 784]
Event: 0.367 Thread 0x0000023af8291ff0 Exception <a 'java/lang/NoSuchMethodError'{0x0000000086f9da10}: 'long java.lang.invoke.Invokers$Holder.invokeExact_MT(java.lang.Object, java.lang.Object)'> (0x0000000086f9da10) 
thrown [s\src\hotspot\share\interpreter\linkResolver.cpp, line 784]
Event: 0.376 Thread 0x0000023af8291ff0 Exception <a 'java/lang/NoSuchMethodError'{0x0000000086fcacb8}: 'void java.lang.invoke.DirectMethodHandle$Holder.invokeSpecial(java.lang.Object, java.lang.Object, java.lang.Object)'> (0x0000000086fcacb8) 
thrown [s\src\hotspot\share\interpreter\linkResolver.cpp, line 784]
Event: 0.376 Thread 0x0000023af8293a80 Exception <a 'java/lang/NoSuchMethodError'{0x0000000086f67d50}: 'void java.lang.invoke.DirectMethodHandle$Holder.invokeSpecial(java.lang.Object, java.lang.Object, java.lang.Object)'> (0x0000000086f67d50) 
thrown [s\src\hotspot\share\interpreter\linkResolver.cpp, line 784]
Event: 0.386 Thread 0x0000023af80e0d00 Exception <a 'java/lang/NoSuchMethodError'{0x0000000086d0f570}: static [B.<clinit>()V> (0x0000000086d0f570) 
thrown [s\src\hotspot\share\prims\jni.cpp, line 1144]
Event: 0.386 Thread 0x0000023af8283f30 Exception <a 'java/lang/NoSuchMethodError'{0x0000000086e9b0d0}: static [B.<clinit>()V> (0x0000000086e9b0d0) 
thrown [s\src\hotspot\share\prims\jni.cpp, line 1144]
Event: 0.387 Thread 0x0000023af8283f30 Exception <a 'java/lang/NoSuchMethodError'{0x0000000086e9caa0}: 'long java.lang.invoke.DirectMethodHandle$Holder.invokeInterface(java.lang.Object, java.lang.Object)'> (0x0000000086e9caa0) 
thrown [s\src\hotspot\share\interpreter\linkResolver.cpp, line 784]
Event: 0.387 Thread 0x0000023af80e0d00 Exception <a 'java/lang/NoSuchMethodError'{0x0000000086d11050}: 'int java.lang.invoke.DirectMethodHandle$Holder.invokeInterface(java.lang.Object, java.lang.Object)'> (0x0000000086d11050) 
thrown [s\src\hotspot\share\interpreter\linkResolver.cpp, line 784]
Event: 0.401 Thread 0x0000023af8283f30 Exception <a 'java/lang/NoSuchMethodError'{0x0000000086d81f70}: static [Ljava/rmi/server/ObjID;.<clinit>()V> (0x0000000086d81f70) 
thrown [s\src\hotspot\share\prims\jni.cpp, line 1144]
Event: 0.403 Thread 0x0000023af80e3460 Exception <a 'java/lang/NoSuchMethodError'{0x0000000086decfb8}: 'java.lang.Object java.lang.invoke.DirectMethodHandle$Holder.invokeSpecial(java.lang.Object, java.lang.Object, int, java.lang.Object, long)'> (0x0000000086decfb8) 
thrown [s\src\hotspot\share\interpreter\linkResolver.cpp, line 784]
Event: 0.403 Thread 0x0000023af80e3460 Exception <a 'java/lang/NoSuchMethodError'{0x0000000086df3d70}: 'java.lang.Object java.lang.invoke.DirectMethodHandle$Holder.newInvokeSpecial(java.lang.Object, java.lang.Object, int, java.lang.Object, long)'> (0x0000000086df3d70) 
thrown [s\src\hotspot\share\interpreter\linkResolver.cpp, line 784]
Event: 0.404 Thread 0x0000023af8283f30 Exception <a 'java/lang/NoSuchMethodError'{0x0000000086d994f0}: 'void java.lang.invoke.Invokers$Holder.linkToTargetMethod(java.lang.Object, java.lang.Object)'> (0x0000000086d994f0) 
thrown [s\src\hotspot\share\interpreter\linkResolver.cpp, line 784]
Event: 0.406 Thread 0x0000023af8283f30 Exception <a 'java/lang/NoSuchMethodError'{0x0000000086d9e348}: 'void java.lang.invoke.DirectMethodHandle$Holder.invokeInterface(java.lang.Object, java.lang.Object)'> (0x0000000086d9e348) 
thrown [s\src\hotspot\share\interpreter\linkResolver.cpp, line 784]
Event: 0.432 Thread 0x0000023af8283f30 Exception <a 'java/lang/NoSuchMethodError'{0x0000000086b02ae8}: 'java.lang.Object java.lang.invoke.DirectMethodHandle$Holder.invokeInterface(java.lang.Object, java.lang.Object, java.lang.Object, java.lang.Object, java.lang.Object)'> (0x0000000086b02ae8) 
thrown [s\src\hotspot\share\interpreter\linkResolver.cpp, line 784]
Event: 0.433 Thread 0x0000023af8283f30 Exception <a 'java/lang/NoSuchMethodError'{0x0000000086b15ea0}: 'java.lang.Object java.lang.invoke.Invokers$Holder.invokeExact_MT(java.lang.Object, java.lang.Object, java.lang.Object, java.lang.Object, java.lang.Object, java.lang.Object)'> (0x0000000086b15ea0) 
thrown [s\src\hotspot\share\interpreter\linkResolver.cpp, line 784]
Event: 4.598 Thread 0x0000023af8283f30 Exception <a 'java/lang/NoSuchMethodError'{0x0000000087e0b550}: 'java.lang.Object java.lang.invoke.DirectMethodHandle$Holder.invokeVirtual(java.lang.Object, java.lang.Object, java.lang.Object)'> (0x0000000087e0b550) 
thrown [s\src\hotspot\share\interpreter\linkResolver.cpp, line 784]
Event: 5.754 Thread 0x0000023af8283f30 Exception <a 'sun/nio/fs/WindowsException'{0x00000000877ae878}> (0x00000000877ae878) 
thrown [s\src\hotspot\share\prims\jni.cpp, line 537]

ZGC Phase Switch (0 events):
No events

VM Operations (20 events):
Event: 5.739 Executing VM operation: HandshakeAllThreads (Deoptimize)
Event: 5.739 Executing VM operation: HandshakeAllThreads (Deoptimize) done
Event: 5.745 Executing VM operation: HandshakeAllThreads (Deoptimize)
Event: 5.745 Executing VM operation: HandshakeAllThreads (Deoptimize) done
Event: 5.755 Executing VM operation: HandshakeAllThreads (Deoptimize)
Event: 5.755 Executing VM operation: HandshakeAllThreads (Deoptimize) done
Event: 5.757 Executing VM operation: HandshakeAllThreads (Deoptimize)
Event: 5.757 Executing VM operation: HandshakeAllThreads (Deoptimize) done
Event: 6.772 Executing VM operation: Cleanup
Event: 6.772 Executing VM operation: Cleanup done
Event: 7.784 Executing VM operation: Cleanup
Event: 7.816 Executing VM operation: Cleanup done
Event: 8.829 Executing VM operation: Cleanup
Event: 8.829 Executing VM operation: Cleanup done
Event: 9.829 Executing VM operation: Cleanup
Event: 9.829 Executing VM operation: Cleanup done
Event: 9.921 Executing VM operation: HandshakeAllThreads (Deoptimize)
Event: 9.921 Executing VM operation: HandshakeAllThreads (Deoptimize) done
Event: 10.936 Executing VM operation: Cleanup
Event: 10.936 Executing VM operation: Cleanup done

Memory protections (0 events):
No events

Nmethod flushes (0 events):
No events

Events (20 events):
Event: 0.107 Loaded shared library C:\Program Files\JetBrains\PhpStorm 2025.2\jbr\bin\jimage.dll
Event: 0.326 Loaded shared library C:\Program Files\JetBrains\PhpStorm 2025.2\jbr\bin\extnet.dll
Event: 0.330 Thread 0x0000023adae7f1e0 Thread added: 0x0000023af801acc0
Event: 0.338 Thread 0x0000023adae7f1e0 Thread added: 0x0000023af395a380
Event: 0.338 Thread 0x0000023adae7f1e0 Thread added: 0x0000023af395a9f0
Event: 0.339 Loaded shared library C:\Program Files\JetBrains\PhpStorm 2025.2\jbr\bin\rmi.dll
Event: 0.339 Thread 0x0000023adae7f1e0 Thread added: 0x0000023af395df10
Event: 0.356 Thread 0x0000023af801acc0 Thread added: 0x0000023af8291ff0
Event: 0.357 Thread 0x0000023af801acc0 Thread added: 0x0000023af8293a80
Event: 0.378 Thread 0x0000023af8291ff0 Thread added: 0x0000023af80bb1c0
Event: 0.379 Thread 0x0000023af395a380 Thread added: 0x0000023af8283f30
Event: 0.379 Thread 0x0000023af395a380 Thread added: 0x0000023af80e0d00
Event: 0.398 Thread 0x0000023af8283f30 Thread added: 0x0000023af80e3460
Event: 0.419 Thread 0x0000023af8283f30 Thread added: 0x0000023af80e3af0
Event: 4.592 Thread 0x0000023af32434d0 Thread added: 0x0000023af835e8f0
Event: 5.712 Thread 0x0000023af835e8f0 Thread exited: 0x0000023af835e8f0
Event: 5.738 Loaded shared library C:\Program Files\JetBrains\PhpStorm 2025.2\jbr\bin\sunmscapi.dll
Event: 6.784 Thread 0x0000023af35b01c0 Thread added: 0x0000023af85b83b0
Event: 7.849 Thread 0x0000023af35b01c0 Thread added: 0x0000023af83c6d80
Event: 9.390 Thread 0x0000023af83c6d80 Thread exited: 0x0000023af83c6d80


Dynamic libraries:
0x00007ff61ce90000 - 0x00007ff61ce9a000 	C:\Program Files\JetBrains\PhpStorm 2025.2\jbr\bin\java.exe
0x00007ff9ac380000 - 0x00007ff9ac5e8000 	C:\WINDOWS\SYSTEM32\ntdll.dll
0x00007ff9ab0b0000 - 0x00007ff9ab179000 	C:\WINDOWS\System32\KERNEL32.DLL
0x00007ff9a98c0000 - 0x00007ff9a9cb2000 	C:\WINDOWS\System32\KERNELBASE.dll
0x00007ff9a9770000 - 0x00007ff9a98bb000 	C:\WINDOWS\System32\ucrtbase.dll
0x00007ff959cb0000 - 0x00007ff959ccb000 	C:\Program Files\JetBrains\PhpStorm 2025.2\jbr\bin\VCRUNTIME140.dll
0x00007ff95ba50000 - 0x00007ff95ba68000 	C:\Program Files\JetBrains\PhpStorm 2025.2\jbr\bin\jli.dll
0x00007ff9ab560000 - 0x00007ff9ab725000 	C:\WINDOWS\System32\USER32.dll
0x00007ff9a9690000 - 0x00007ff9a96b7000 	C:\WINDOWS\System32\win32u.dll
0x00007ff98a2e0000 - 0x00007ff98a573000 	C:\WINDOWS\WinSxS\amd64_microsoft.windows.common-controls_6595b64144ccf1df_6.0.26100.6899_none_3e0efeeae32e88c1\COMCTL32.dll
0x00007ff9ac310000 - 0x00007ff9ac33b000 	C:\WINDOWS\System32\GDI32.dll
0x00007ff9aa8b0000 - 0x00007ff9aa959000 	C:\WINDOWS\System32\msvcrt.dll
0x00007ff9a9f80000 - 0x00007ff9aa0ad000 	C:\WINDOWS\System32\gdi32full.dll
0x00007ff9a96c0000 - 0x00007ff9a9763000 	C:\WINDOWS\System32\msvcp_win.dll
0x00007ff9ab070000 - 0x00007ff9ab09f000 	C:\WINDOWS\System32\IMM32.DLL
0x00007ff9a54e0000 - 0x00007ff9a54ec000 	C:\Program Files\JetBrains\PhpStorm 2025.2\jbr\bin\vcruntime140_1.dll
0x00007ff93c570000 - 0x00007ff93c5fd000 	C:\Program Files\JetBrains\PhpStorm 2025.2\jbr\bin\msvcp140.dll
0x00007ff914820000 - 0x00007ff9155e4000 	C:\Program Files\JetBrains\PhpStorm 2025.2\jbr\bin\server\jvm.dll
0x00007ff9aab20000 - 0x00007ff9aabd4000 	C:\WINDOWS\System32\ADVAPI32.dll
0x00007ff9aa9e0000 - 0x00007ff9aaa86000 	C:\WINDOWS\System32\sechost.dll
0x00007ff9abe50000 - 0x00007ff9abf68000 	C:\WINDOWS\System32\RPCRT4.dll
0x00007ff9aaa90000 - 0x00007ff9aab04000 	C:\WINDOWS\System32\WS2_32.dll
0x00007ff9a1510000 - 0x00007ff9a1545000 	C:\WINDOWS\SYSTEM32\WINMM.dll
0x00007ff9a9370000 - 0x00007ff9a93ce000 	C:\WINDOWS\SYSTEM32\POWRPROF.dll
0x00007ff9a1250000 - 0x00007ff9a125b000 	C:\WINDOWS\SYSTEM32\VERSION.dll
0x00007ff9a9350000 - 0x00007ff9a9364000 	C:\WINDOWS\SYSTEM32\UMPDC.dll
0x00007ff9a82e0000 - 0x00007ff9a82fb000 	C:\WINDOWS\SYSTEM32\kernel.appcore.dll
0x00007ff983e30000 - 0x00007ff983e3a000 	C:\Program Files\JetBrains\PhpStorm 2025.2\jbr\bin\jimage.dll
0x00007ff9a6b80000 - 0x00007ff9a6dc2000 	C:\WINDOWS\SYSTEM32\DBGHELP.DLL
0x00007ff9abf70000 - 0x00007ff9ac2eb000 	C:\WINDOWS\System32\combase.dll
0x00007ff9ab8e0000 - 0x00007ff9ab9b7000 	C:\WINDOWS\System32\OLEAUT32.dll
0x00007ff994950000 - 0x00007ff99498c000 	C:\WINDOWS\SYSTEM32\dbgcore.DLL
0x00007ff9aa0b0000 - 0x00007ff9aa148000 	C:\WINDOWS\System32\bcryptPrimitives.dll
0x00007ff9584f0000 - 0x00007ff958510000 	C:\Program Files\JetBrains\PhpStorm 2025.2\jbr\bin\java.dll
0x00007ff9aa150000 - 0x00007ff9aa89d000 	C:\WINDOWS\System32\SHELL32.dll
0x00007ff9a9e10000 - 0x00007ff9a9f7b000 	C:\WINDOWS\System32\wintypes.dll
0x00007ff9a7140000 - 0x00007ff9a799d000 	C:\WINDOWS\SYSTEM32\windows.storage.dll
0x00007ff9ab9c0000 - 0x00007ff9abab2000 	C:\WINDOWS\System32\SHCORE.dll
0x00007ff9ab870000 - 0x00007ff9ab8d2000 	C:\WINDOWS\System32\shlwapi.dll
0x00007ff9a9430000 - 0x00007ff9a9459000 	C:\WINDOWS\SYSTEM32\profapi.dll
0x00007ff983700000 - 0x00007ff983710000 	C:\Program Files\JetBrains\PhpStorm 2025.2\jbr\bin\net.dll
0x00007ff99a9b0000 - 0x00007ff99aacf000 	C:\WINDOWS\SYSTEM32\WINHTTP.dll
0x00007ff9a8850000 - 0x00007ff9a88bb000 	C:\WINDOWS\system32\mswsock.dll
0x00007ff954920000 - 0x00007ff954936000 	C:\Program Files\JetBrains\PhpStorm 2025.2\jbr\bin\nio.dll
0x00007ff957760000 - 0x00007ff957778000 	C:\Program Files\JetBrains\PhpStorm 2025.2\jbr\bin\zip.dll
0x00007ff9a7d30000 - 0x00007ff9a7d64000 	C:\WINDOWS\SYSTEM32\IPHLPAPI.DLL
0x00007ff9ac2f0000 - 0x00007ff9ac2fa000 	C:\WINDOWS\System32\NSI.dll
0x00007ff9a8b00000 - 0x00007ff9a8b1b000 	C:\WINDOWS\SYSTEM32\CRYPTSP.dll
0x00007ff9a8240000 - 0x00007ff9a827b000 	C:\WINDOWS\system32\rsaenh.dll
0x00007ff9a88f0000 - 0x00007ff9a891b000 	C:\WINDOWS\SYSTEM32\USERENV.dll
0x00007ff9a9400000 - 0x00007ff9a9426000 	C:\WINDOWS\SYSTEM32\bcrypt.dll
0x00007ff9a8b20000 - 0x00007ff9a8b2c000 	C:\WINDOWS\SYSTEM32\CRYPTBASE.dll
0x00007ff973500000 - 0x00007ff973509000 	C:\Program Files\JetBrains\PhpStorm 2025.2\jbr\bin\extnet.dll
0x00007ff993fb0000 - 0x00007ff993fb7000 	C:\Program Files\JetBrains\PhpStorm 2025.2\jbr\bin\rmi.dll
0x00007ff9a7dd0000 - 0x00007ff9a7ef6000 	C:\WINDOWS\SYSTEM32\DNSAPI.dll
0x00007ff999620000 - 0x00007ff99962b000 	C:\Windows\System32\rasadhlp.dll
0x00007ff9a1300000 - 0x00007ff9a1386000 	C:\WINDOWS\System32\fwpuclnt.dll
0x00007ff9806a0000 - 0x00007ff9806ae000 	C:\Program Files\JetBrains\PhpStorm 2025.2\jbr\bin\sunmscapi.dll
0x00007ff9a9510000 - 0x00007ff9a9687000 	C:\WINDOWS\System32\CRYPT32.dll
0x00007ff9a8d20000 - 0x00007ff9a8d50000 	C:\WINDOWS\SYSTEM32\ncrypt.dll
0x00007ff9a8cd0000 - 0x00007ff9a8d0f000 	C:\WINDOWS\SYSTEM32\NTASN1.dll

dbghelp: loaded successfully - version: 4.0.5 - missing functions: none
symbol engine: initialized successfully - sym options: 0x614 - pdb path: .;C:\Program Files\JetBrains\PhpStorm 2025.2\jbr\bin;C:\WINDOWS\SYSTEM32;C:\WINDOWS\WinSxS\amd64_microsoft.windows.common-controls_6595b64144ccf1df_6.0.26100.6899_none_3e0efeeae32e88c1;C:\Program Files\JetBrains\PhpStorm 2025.2\jbr\bin\server

VM Arguments:
jvm_args: -Djava.rmi.server.hostname=127.0.0.1 -Duser.timezone=UTC -Xmx2048m -Xms128m -Djdbc.classpath=C:\Users\latikaecls\AppData\Local\Temp\RemoteDriver5.classpath.txt --add-exports=java.desktop/sun.awt=ALL-UNNAMED --add-exports=java.desktop/java.awt.peer=ALL-UNNAMED --add-opens=java.desktop/java.awt=ALL-UNNAMED --add-opens=jdk.unsupported/sun.misc=ALL-UNNAMED --add-opens=java.base/java.nio=ALL-UNNAMED --add-opens=java.base/java.util=ALL-UNNAMED -Dfile.encoding=UTF-8 -Dsun.stdout.encoding=UTF-8 -Dsun.stderr.encoding=UTF-8 
java_command: com.intellij.database.remote.RemoteJdbcServer com.mysql.cj.jdbc.Driver
java_class_path (initial): C:\Program Files\JetBrains\PhpStorm 2025.2\lib\util_rt.jar;C:\Program Files\JetBrains\PhpStorm 2025.2\lib\util-8.jar;C:\Program Files\JetBrains\PhpStorm 2025.2\lib\groovy.jar;C:\Program Files\JetBrains\PhpStorm 2025.2\plugins\DatabaseTools\lib\jdbc-console.jar;C:\Program Files\JetBrains\PhpStorm 2025.2\lib\modules\intellij.grid.types.jar;C:\Program Files\JetBrains\PhpStorm 2025.2\lib\util.jar;C:\Program Files\JetBrains\PhpStorm 2025.2\lib\bouncy-castle.jar
Launcher Type: SUN_STANDARD

[Global flags]
     intx CICompilerCount                          = 4                                         {product} {ergonomic}
     uint ConcGCThreads                            = 2                                         {product} {ergonomic}
     uint G1ConcRefinementThreads                  = 8                                         {product} {ergonomic}
   size_t G1HeapRegionSize                         = 1048576                                   {product} {ergonomic}
    uintx GCDrainStackTargetSize                   = 64                                        {product} {ergonomic}
   size_t InitialHeapSize                          = 134217728                                 {product} {command line}
   size_t MarkStackSize                            = 4194304                                   {product} {ergonomic}
   size_t MaxHeapSize                              = 2147483648                                {product} {command line}
   size_t MaxNewSize                               = 1287651328                                {product} {ergonomic}
   size_t MinHeapDeltaBytes                        = 1048576                                   {product} {ergonomic}
   size_t MinHeapSize                              = 134217728                                 {product} {command line}
    uintx NonNMethodCodeHeapSize                   = 5839372                                {pd product} {ergonomic}
    uintx NonProfiledCodeHeapSize                  = 122909434                              {pd product} {ergonomic}
    uintx ProfiledCodeHeapSize                     = 122909434                              {pd product} {ergonomic}
    uintx ReservedCodeCacheSize                    = 251658240                              {pd product} {ergonomic}
     bool SegmentedCodeCache                       = true                                      {product} {ergonomic}
   size_t SoftMaxHeapSize                          = 2147483648                             {manageable} {ergonomic}
     bool UseCompressedOops                        = true                           {product lp64_product} {ergonomic}
     bool UseG1GC                                  = true                                      {product} {ergonomic}
     bool UseLargePagesIndividualAllocation        = false                                  {pd product} {ergonomic}

Logging:
Log output configuration:
 #0: stdout all=warning uptime,level,tags foldmultilines=false
 #1: stderr all=off uptime,level,tags foldmultilines=false

Environment Variables:
PATH=C:\Program Files\Common Files\Oracle\Java\javapath;C:\Windows\system32;C:\Windows;C:\Windows\System32\Wbem;C:\Windows\System32\WindowsPowerShell\v1.0\;C:\Windows\System32\OpenSSH\;C:\Program Files\NVIDIA Corporation\NVIDIA NvDLISR;D:\wamp\bin\php\php8.4.3;C:\ProgramData\ComposerSetup\bin;C:\Program Files (x86)\OPOS\Epson2;C:\Program Files\EPSON\OPOS for .NET\Lib64;C:\Program Files\dotnet\;D:\Android SDK\platforms;D:\Android SDK\platform-tools;C:\WINDOWS\system32;C:\WINDOWS;C:\WINDOWS\System32\Wbem;C:\WINDOWS\System32\WindowsPowerShell\v1.0\;C:\WINDOWS\System32\OpenSSH\;%JMETER_HOME%\bin;%JAVA_HOME%\bin;C:\Program Files\nodejs\;C:\ProgramData\chocolatey\bin;C:\wamp64\bin\php\php8.2.26;C:\Program Files\Git\cmd;C:\wamp64\bin\php\php7.4.33;C:\Users\latikaecls\AppData\Roaming\npm;C:\Users\latikaecls\AppData\Local\Programs\Python\Launcher\;C:\Users\latikaecls\AppData\Local\Microsoft\WindowsApps;C:\Users\latikaecls\AppData\Roaming\Composer\vendor\bin;C:\Users\latikaecls\AppData\Local\Programs\Microsoft VS Code\bin;C:\laragon\bin\php\php-8.3.16-Win32-vs16-x64;C:\Users\latikaecls\AppData\Local\Programs\Python\Python313;C:\Users\latikaecls\AppData\Roaming\npm;
USERNAME=latikaecls
OS=Windows_NT
PROCESSOR_IDENTIFIER=Intel64 Family 6 Model 140 Stepping 1, GenuineIntel
TMP=C:\Users\LATIKA~1\AppData\Local\Temp
TEMP=C:\Users\LATIKA~1\AppData\Local\Temp




Periodic native trim disabled

JNI global refs:
JNI global refs: 18, weak refs: 0

JNI global refs memory usage: 835, weak refs: 833

Process memory usage:
Resident Set Size: 116952K (1% of 8104744K total physical memory with 689712K free physical memory)

OOME stack traces (most recent first):
Classloader memory used:
Loader bootstrap                                                                       : 3086K
Loader jdk.internal.loader.ClassLoaders$AppClassLoader                                 : 2533K
Loader com.intellij.database.remote.jdbc.impl.JdbcClassLoader$JdbcClassLoaderImpl      : 2402K
Loader jdk.internal.loader.ClassLoaders$PlatformClassLoader                            : 764K
Loader jdk.internal.reflect.DelegatingClassLoader                                      : 80120B

---------------  S Y S T E M  ---------------

OS:
 Windows 11 , 64 bit Build 26100 (10.0.26100.6725)
OS uptime: 6 days 0:07 hours
Hyper-V role detected

CPU: total 8 (initial active 8) (4 cores per cpu, 2 threads per core) family 6 model 140 stepping 1 microcode 0xbc, cx8, cmov, fxsr, ht, mmx, 3dnowpref, sse, sse2, sse3, ssse3, sse4.1, sse4.2, popcnt, lzcnt, tsc, tscinvbit, avx, avx2, aes, erms, clmul, bmi1, bmi2, adx, avx512f, avx512dq, avx512cd, avx512bw, avx512vl, sha, fma, vzeroupper, avx512_vpopcntdq, avx512_vpclmulqdq, avx512_vaes, avx512_vnni, clflush, clflushopt, clwb, avx512_vbmi2, avx512_vbmi, hv, rdtscp, rdpid, fsrm, gfni, avx512_bitalg, f16c, cet_ibt, cet_ss, avx512_ifma
Processor Information for the first 8 processors :
  Max Mhz: 2419, Current Mhz: 2419, Mhz Limit: 2419

Memory: 4k page, system-wide physical 7914M (669M free)
TotalPageFile size 32490M (AvailPageFile size 5M)
current process WorkingSet (physical memory assigned to process): 114M, peak: 117M
current process commit charge ("private bytes"): 251M, peak: 255M

vm_info: OpenJDK 64-Bit Server VM (21.0.7+6-b1038.58) for windows-amd64 JRE (21.0.7+6-b1038.58), built on 2025-07-07 by "builduser" with MS VC++ 16.10 / 16.11 (VS2019)

END.
